// Jest Snapshot v1, https://goo.gl/fbAQLP

exports[`App snapshot test 1`] = `
<div>
  <div
    className="navbar-fixed"
  >
    <nav
      className="blue lighten-2"
    >
      <div
        className="nav-wrapper"
      >
        <a
          className="brand-logo center"
          href="#"
        >
          Courses
        </a>
      </div>
    </nav>
  </div>
  <div>
    <div>
      <div
        className="row"
      >
        <ul />
      </div>
    </div>
  </div>
</div>
`;
